// Jest Snapshot v1, https://goo.gl/fbAQLP

exports[`renders without crashing 1`] = `
.c0 {
  border-bottom: 1px solid rgba(0,3,6,0.12);
}

.c1 {
  display: -webkit-box;
  display: -webkit-flex;
  display: -ms-flexbox;
  display: flex;
  -webkit-align-items: center;
  -webkit-box-align: center;
  -ms-flex-align: center;
  align-items: center;
  overflow-x: auto;
  overflow-y: hidden;
  -webkit-overflow-scrolling: touch;
  -webkit-mask-image: linear-gradient(to left,transparent,#000000 12px);
  mask-image: linear-gradient(to left,transparent,#000000 12px);
}

.c2 {
  display: -webkit-box;
  display: -webkit-flex;
  display: -ms-flexbox;
  display: flex;
}

.c3 {
  -webkit-flex: 0 0 auto;
  -ms-flex: 0 0 auto;
  flex: 0 0 auto;
  display: inline-block;
  box-sizing: border-box;
  padding: 12px;
  margin-right: 12px;
  font-size: 16px;
  font-weight: 700;
  line-height: 1.25;
  -webkit-text-decoration: none;
  text-decoration: none;
  color: rgba(0,3,6,0.87);
  border-top: 3px solid transparent;
  border-bottom: 3px solid transparent;
  -webkit-transition: all 150ms ease-in-out;
  transition: all 150ms ease-in-out;
  outline: none;
  color: #0071CE;
  border-bottom-color: #0071CE;
}

.c3:hover {
  color: #0071CE;
}

.c3:focus {
  border-bottom-color: rgba(0,3,6,0.26);
}

.c4 {
  -webkit-flex: 0 0 auto;
  -ms-flex: 0 0 auto;
  flex: 0 0 auto;
  display: inline-block;
  box-sizing: border-box;
  padding: 12px;
  margin-right: 12px;
  font-size: 16px;
  font-weight: 700;
  line-height: 1.25;
  -webkit-text-decoration: none;
  text-decoration: none;
  color: rgba(0,3,6,0.87);
  border-top: 3px solid transparent;
  border-bottom: 3px solid transparent;
  -webkit-transition: all 150ms ease-in-out;
  transition: all 150ms ease-in-out;
  outline: none;
}

.c4:hover {
  color: #0071CE;
}

.c4:focus {
  border-bottom-color: rgba(0,3,6,0.26);
}

.c5 {
  -webkit-flex: 0 0 auto;
  -ms-flex: 0 0 auto;
  flex: 0 0 auto;
  display: inline-block;
  box-sizing: border-box;
  padding: 12px;
  margin-right: 12px;
  font-size: 16px;
  font-weight: 700;
  line-height: 1.25;
  -webkit-text-decoration: none;
  text-decoration: none;
  color: rgba(0,3,6,0.87);
  border-top: 3px solid transparent;
  border-bottom: 3px solid transparent;
  -webkit-transition: all 150ms ease-in-out;
  transition: all 150ms ease-in-out;
  outline: none;
}

.c5:hover {
  color: #0071CE;
}

.c5:focus {
  border-bottom-color: rgba(0,3,6,0.26);
}

.c6 {
  -webkit-flex: 0 0 auto;
  -ms-flex: 0 0 auto;
  flex: 0 0 auto;
  display: inline-block;
  box-sizing: border-box;
  padding: 12px;
  margin-right: 12px;
  font-size: 16px;
  font-weight: 700;
  line-height: 1.25;
  -webkit-text-decoration: none;
  text-decoration: none;
  color: rgba(0,3,6,0.87);
  border-top: 3px solid transparent;
  border-bottom: 3px solid transparent;
  -webkit-transition: all 150ms ease-in-out;
  transition: all 150ms ease-in-out;
  outline: none;
}

.c6:hover {
  color: #0071CE;
}

.c6:focus {
  border-bottom-color: rgba(0,3,6,0.26);
}

.c7 {
  -webkit-flex: 0 0 auto;
  -ms-flex: 0 0 auto;
  flex: 0 0 auto;
  display: inline-block;
  box-sizing: border-box;
  padding: 12px;
  margin-right: 12px;
  font-size: 16px;
  font-weight: 700;
  line-height: 1.25;
  -webkit-text-decoration: none;
  text-decoration: none;
  color: rgba(0,3,6,0.87);
  border-top: 3px solid transparent;
  border-bottom: 3px solid transparent;
  -webkit-transition: all 150ms ease-in-out;
  transition: all 150ms ease-in-out;
  outline: none;
}

.c7:hover {
  color: #0071CE;
}

.c7:focus {
  border-bottom-color: rgba(0,3,6,0.26);
}

.c8 {
  -webkit-flex: 0 0 auto;
  -ms-flex: 0 0 auto;
  flex: 0 0 auto;
  display: inline-block;
  box-sizing: border-box;
  padding: 12px;
  margin-right: 12px;
  font-size: 16px;
  font-weight: 700;
  line-height: 1.25;
  -webkit-text-decoration: none;
  text-decoration: none;
  color: rgba(0,3,6,0.87);
  border-top: 3px solid transparent;
  border-bottom: 3px solid transparent;
  -webkit-transition: all 150ms ease-in-out;
  transition: all 150ms ease-in-out;
  outline: none;
}

.c8:hover {
  color: #0071CE;
}

.c8:focus {
  border-bottom-color: rgba(0,3,6,0.26);
}

<div
  className="c0"
>
  <div
    className="c1"
  >
    <div
      className="c2"
    >
      <a
        className="c3"
      >
        All
      </a>
      <a
        className="c4"
      >
        Store
      </a>
      <a
        className="c5"
      >
        Guides
      </a>
      <a
        className="c6"
      >
        Wikis
      </a>
      <a
        className="c7"
      >
        Devices
      </a>
      <a
        className="c8"
      >
        Answers
      </a>
    </div>
  </div>
</div>
`;
