// Jest Snapshot v1, https://goo.gl/fbAQLP

exports[`renders without crashing 1`] = `
.glamor-0,
[data-glamor-0] {
  display: inline-block;
  width: 24px;
  height: 24px;
  color: currentColor;
  stroke-width: 2;
}

<span
  className="glamor-0"
  dangerouslySetInnerHTML={
    Object {
      "__html": "<svg xmlns=\\"http://www.w3.org/2000/svg\\" width=\\"100%\\" height=\\"100%\\" viewBox=\\"0 0 24 24\\" fill=\\"none\\" stroke=\\"currentColor\\" stroke-width=\\"inherit\\" stroke-linecap=\\"round\\" stroke-linejoin=\\"round\\" class=\\"feather feather-square\\"><rect x=\\"3\\" y=\\"3\\" width=\\"18\\" height=\\"18\\" rx=\\"2\\" ry=\\"2\\"></rect></svg>",
    }
  }
/>
`;
